ASxxxx Linker V03.00 + NoICE + sdld,  page 1.
Hexadecimal  [32-Bits]

Area                                    Addr        Size        Decimal Bytes (Attributes)
--------------------------------        ----        ----        ------- ----- ------------
.  .ABS.                            00000000    00000000 =           0. bytes (ABS,CON)

      Value  Global                              Global Defined In Module
      -----  --------------------------------   ------------------------
     00000000  .__.ABS.                           cpct_strings
     00000000  l__CABS                         
     00000000  l__DABS                         
     00000000  l__GSFINAL                      
     00000000  l__GSINIT                       
     00000000  l__HOME                         
     00000000  l__INITIALIZED                  
     00000000  l__INITIALIZER                  
     00000000  s__CABS                         
     00000000  s__DABS                         
     000000C7  l__DATA                         
     00000B2A  l__CODE                         
     00004000  s__CODE                         
     00004B2A  s__DATA                         
     00004BF1  s__GSFINAL                      
     00004BF1  s__GSINIT                       
     00004BF1  s__HOME                         
     00004BF1  s__INITIALIZED                  
     00004BF1  s__INITIALIZER                  

ASxxxx Linker V03.00 + NoICE + sdld,  page 2.
Hexadecimal  [32-Bits]

Area                                    Addr        Size        Decimal Bytes (Attributes)
--------------------------------        ----        ----        ------- ----- ------------
_CODE                               00004000    00000B2A =        2858. bytes (REL,CON)

      Value  Global                              Global Defined In Module
      -----  --------------------------------   ------------------------
     00004000  _spr_enemigo_01_0                  enemigo_01
     00004064  _spr_enemigo_01_1                  enemigo_01
     000040C8  _spr_numeros_00                    numeros
     000040E0  _spr_numeros_01                    numeros
     000040F8  _spr_numeros_02                    numeros
     00004110  _spr_numeros_03                    numeros
     00004128  _spr_numeros_04                    numeros
     00004140  _spr_numeros_05                    numeros
     00004158  _spr_numeros_06                    numeros
     00004170  _spr_numeros_07                    numeros
     00004188  _spr_numeros_08                    numeros
     000041A0  _spr_numeros_09                    numeros
     000041B8  _spr_nave_jugador_0                nave_jugador
     000041E8  _spr_nave_jugador_1                nave_jugador
     00004218  _spr_nave_nodriza                  nave_nodriza_01
     0000435C  _main_palette                      main_palette
     0000436C  _main                              main
     00004372  _animEnemy01                       animation
     0000437B  _manEntityInit                     entity
     0000439D  _manEntityCreate                   entity
     000043AE  _manEntityForAll                   entity
     000043CB  _manEntityForAllMatching           entity
     000043F8  _manEntityDestroy                  entity
     00004436  _manEntityDelete                   entity
     0000443F  _manEntityUpdate                   entity
     00004457  _manEntityAvailable                entity
     0000446C  _wait                              game
     0000447E  _nave_nodriza_tmpl                 game
     0000448E  _enemy01_tmpl                      game
     0000449E  _nave_vidas_tmpl                   game
     000044AE  _jugador_tmpl                      game
     000044BE  _num_tmpl                          game
     000044CE  _manGameCreateFromTemplate         game
     000044F1  _manGameCreateEnemy                game
     00004530  _manGameInit                       game
     000045E1  _manGamePlay                       game
     000045F2  _sysAIBehaviorLeftRight            ai
     0000462A  _sysAIBehaviorMotherShip           ai
     00004670  _sysAIInit                         ai
     00004676  _sysAIUpdateEntity                 ai
     00004695  _sysAIUpdate                       ai
     000046A3  _sysAnimationUpdateEntity          animation
     00004722  _sysAnimationUpdate                animation
     00004730  _sysPhysicsCheckKeyboard           physics
     0000475A  _sysPhysicsUpdateEntity            physics
     000047B6  _sysPhysicsUpDown                  physics
     000047D2  _sysPhysicsUpdate                  physics
     000047E0  _sysRenderInit                     render
     0000480A  _sysRenderUpdateEntity             render
     0000485E  _sysRenderLine                     render
ASxxxx Linker V03.00 + NoICE + sdld,  page 3.
Hexadecimal  [32-Bits]

Area                                    Addr        Size        Decimal Bytes (Attributes)
--------------------------------        ----        ----        ------- ----- ------------
_CODE                               00004000    00000B2A =        2858. bytes (REL,CON)

      Value  Global                              Global Defined In Module
      -----  --------------------------------   ------------------------
     00004898  _sysRenderUpdate                   render
     000048A9  _cpct_setPalette                   cpct_video
     000048C0  _cpct_isKeyPressed                 cpct_keyboard
     000048C0  cpct_isKeyPressed_asm              cpct_keyboard
     000048CC  _cpct_scanKeyboard_f               cpct_keyboard
     000048CC  cpct_scanKeyboard_f_asm            cpct_keyboard
     00004936  _cpct_setPALColour                 cpct_video
     00004942  _cpct_drawSprite                   cpct_sprites
     000049E7  _cpct_keyboardStatusBuffer         cpct_keyboard
     000049F1  _cpct_waitHalts                    cpct_memutils
     000049F6  ___sdcc_call_hl                    
     000049F7  _cpct_setVideoMode                 cpct_video
     00004A05  _cpct_waitVSYNC                    cpct_video
     00004A05  cpct_waitVSYNC_asm                 cpct_video
     00004A0D  _cpct_px2byteM0                    cpct_sprites
     00004A29  _cpct_memcpy                       cpct_memutils
     00004A31  _cpct_memset                       cpct_memutils
     00004A3F  _cpct_disableFirmware              cpct_firmware
     00004A3F  _cpct_removeInterruptHandler       cpct_firmware
     00004A3F  cpct_disableFirmware_asm           cpct_firmware
     00004A3F  cpct_removeInterruptHandler_asm    cpct_firmware
     00004A4F  _cpct_drawSolidBox                 cpct_sprites
     00004AF9  _cpct_mode_rom_status              cpct_firmware
     00004AFA  _cpct_getScreenPtr                 cpct_video
     00004B1A  dc_mode0_ct                        cpct_strings
ASxxxx Linker V03.00 + NoICE + sdld,  page 4.
Hexadecimal  [32-Bits]

Area                                    Addr        Size        Decimal Bytes (Attributes)
--------------------------------        ----        ----        ------- ----- ------------
_DATA                               00004B2A    000000C7 =         199. bytes (REL,CON)

      Value  Global                              Global Defined In Module
      -----  --------------------------------   ------------------------
     00004B2A  _m_entities                        entity
     00004BEA  _m_invalid                         entity
     00004BEB  _m_next_free                       entity
     00004BED  _m_entities_end                    entity
     00004BEF  _enemy_on_lane                     game
     00004BF0  _updown                            ai
ASxxxx Linker V03.00 + NoICE + sdld,  page 5.

Files Linked                              [ module(s) ]

obj/sprites/enemigo_01.rel                [ enemigo_01 ]
obj/sprites/numeros.rel                   [ numeros ]
obj/sprites/nave_jugador.rel              [ nave_jugador ]
obj/sprites/nave_nodriza_01.rel           [ nave_nodriza_01 ]
obj/sprites/main_palette.rel              [ main_palette ]
obj/main.rel                              [ main ]
obj/man/animation.rel                     [ animation ]
obj/man/entity.rel                        [ entity ]
obj/man/game.rel                          [ game ]
obj/sys/ai.rel                            [ ai ]
obj/sys/animation.rel                     [ animation ]
obj/sys/physics.rel                       [ physics ]
obj/sys/render.rel                        [ render ]


Libraries Linked                          [ object file ]

/home/andriu/cpctelera/cpctelera/cpctelera.lib
                                          [ cpct_setPalette_cbindings.rel ]
/home/andriu/cpctelera/cpctelera/cpctelera.lib
                                          [ cpct_isKeyPressed.rel ]
/home/andriu/cpctelera/cpctelera/cpctelera.lib
                                          [ cpct_scanKeyboard_f.rel ]
/home/andriu/cpctelera/cpctelera/cpctelera.lib
                                          [ cpct_setPALColour_cbindings.rel ]
/home/andriu/cpctelera/cpctelera/cpctelera.lib
                                          [ cpct_drawSprite_cbindings.rel ]
/home/andriu/cpctelera/cpctelera/cpctelera.lib
                                          [ keyboard.rel ]
/home/andriu/cpctelera/cpctelera/cpctelera.lib
                                          [ cpct_waitHalts_cbindings.rel ]
/home/andriu/cpctelera/cpctelera/tools/sdcc-3.6.8-r9946/bin/../share/sdcc/lib/z80/z80.lib
                                          [ __sdcc_call_hl.rel ]
/home/andriu/cpctelera/cpctelera/cpctelera.lib
                                          [ cpct_setVideoMode_cbindings.rel ]
/home/andriu/cpctelera/cpctelera/cpctelera.lib
                                          [ cpct_waitVSYNC.rel ]
/home/andriu/cpctelera/cpctelera/cpctelera.lib
                                          [ cpct_px2byteM0_cbindings.rel ]
/home/andriu/cpctelera/cpctelera/cpctelera.lib
                                          [ cpct_memcpy_cbindings.rel ]
/home/andriu/cpctelera/cpctelera/cpctelera.lib
                                          [ cpct_memset_cbinding.rel ]
/home/andriu/cpctelera/cpctelera/cpctelera.lib
                                          [ cpct_removeInterruptHandler.rel ]
/home/andriu/cpctelera/cpctelera/cpctelera.lib
                                          [ cpct_drawSolidBox_cbindings.rel ]
/home/andriu/cpctelera/cpctelera/cpctelera.lib
                                          [ cpc_mode_rom_status.rel ]
/home/andriu/cpctelera/cpctelera/cpctelera.lib
                                          [ cpct_getScreenPtr_cbindings.rel ]
/home/andriu/cpctelera/cpctelera/cpctelera.lib
                                          [ cpct_dc_mode0_ct.rel ]

ASxxxx Linker V03.00 + NoICE + sdld,  page 6.

User Base Address Definitions

_CODE = 0x4000
_DATA = 0x0000

